// Jest Snapshot v1, https://goo.gl/fbAQLP

exports[`ProducTitle Debe de mostrar el compomente correctamente con el título personalizado 1`] = `
<span
  className="productDescription custom-class"
>
  Título personalizado
</span>
`;

exports[`ProducTitle Debe de mostrar el componente con el nombre del producto 1`] = `
<div
  className="productCard undefined"
>
  <span
    className="productDescription undefined"
  >
    Coffee
  </span>
</div>
`;
